[INFO] Scanning for projects...
[INFO] 
[INFO] ---------------------< com.servio:servio-backend >----------------------
[INFO] Building Servio Backend 1.0.0
[INFO]   from pom.xml
[INFO] --------------------------------[ jar ]---------------------------------
[INFO] 
[INFO] --- clean:3.2.0:clean (default-clean) @ servio-backend ---
[INFO] Deleting C:\Users\waths\OneDrive\Documents\Servio\Servio\backend\target
[INFO] 
[INFO] --- resources:3.3.1:resources (default-resources) @ servio-backend ---
[INFO] Copying 2 resources from src\main\resources to target\classes
[INFO] Copying 0 resource from src\main\resources to target\classes
[INFO] 
[INFO] --- compiler:3.11.0:compile (default-compile) @ servio-backend ---
[INFO] Changes detected - recompiling the module! :source
[INFO] Compiling 18 source files with javac [debug release 17] to target\classes
[INFO] /C:/Users/waths/OneDrive/Documents/Servio/Servio/backend/src/main/java/com/servio/util/JwtTokenProvider.java: C:\Users\waths\OneDrive\Documents\Servio\Servio\backend\src\main\java\com\servio\util\JwtTokenProvider.java uses or overrides a deprecated API.
[INFO] /C:/Users/waths/OneDrive/Documents/Servio/Servio/backend/src/main/java/com/servio/util/JwtTokenProvider.java: Recompile with -Xlint:deprecation for details.
[INFO] -------------------------------------------------------------
[ERROR] COMPILATION ERROR : 
[INFO] -------------------------------------------------------------
[ERROR] /C:/Users/waths/OneDrive/Documents/Servio/Servio/backend/src/main/java/com/servio/util/JwtTokenProvider.java:[48,20] cannot find symbol
  symbol:   method parserBuilder()
  location: class io.jsonwebtoken.Jwts
[INFO] 1 error
[INFO] -------------------------------------------------------------
[INFO] ------------------------------------------------------------------------
[INFO] BUILD FAILURE
[INFO] ------------------------------------------------------------------------
[INFO] Total time:  17.548 s
[INFO] Finished at: 2026-01-19T21:48:06+05:30
[INFO] ------------------------------------------------------------------------
[ERROR] Failed to execute goal org.apache.maven.plugins:maven-compiler-plugin:3.11.0:compile (default-compile) on project servio-backend: Compilation failure
[ERROR] /C:/Users/waths/OneDrive/Documents/Servio/Servio/backend/src/main/java/com/servio/util/JwtTokenProvider.java:[48,20] cannot find symbol
[ERROR]   symbol:   method parserBuilder()
[ERROR]   location: class io.jsonwebtoken.Jwts
[ERROR] 
[ERROR] -> [Help 1]
[ERROR] 
[ERROR] To see the full stack trace of the errors, re-run Maven with the -e switch.
[ERROR] Re-run Maven using the -X switch to enable full debug logging.
[ERROR] 
[ERROR] For more information about the errors and possible solutions, please read the following articles:
[ERROR] [Help 1] http://cwiki.apache.org/confluence/display/MAVEN/MojoFailureException
